../Core/Src/main.c:74:5:main	8	static
../Core/Src/main.c:131:6:SystemClock_Config	88	static
../Core/Src/main.c:179:13:MX_RTC_Init	72	static
../Core/Src/main.c:261:13:MX_TIM2_Init	32	static
../Core/Src/main.c:306:13:MX_TIM3_Init	64	static
../Core/Src/main.c:365:13:MX_GPIO_Init	48	static
../Core/Src/main.c:402:6:HAL_TIM_PeriodElapsedCallback	16	static
../Core/Src/main.c:410:6:HAL_GPIO_EXTI_Callback	40	static
../Core/Src/main.c:438:6:HAL_RTC_AlarmAEventCallback	16	static
../Core/Src/main.c:445:6:HAL_RTC_AlarmBEventCallback	16	static
../Core/Src/main.c:452:6:BusyWaitDelay	24	static
../Core/Src/main.c:464:6:alarm_reset	88	static
../Core/Src/main.c:514:6:Error_Handler	4	static,ignoring_inline_asm
